// Jest Snapshot v1, https://goo.gl/fbAQLP

exports[`fetches all items 1`] = `
Object {
  "data": Object {
    "items": Array [
      Object {
        "id": "182",
        "name": "eggs (dish)",
      },
      Object {
        "id": "284",
        "name": "kidney beans",
      },
      Object {
        "id": "105",
        "name": "chicken broth",
      },
      Object {
        "id": "63",
        "name": "oats",
      },
      Object {
        "id": "188",
        "name": "tomatoes",
      },
      Object {
        "id": "73",
        "name": "peanut butter",
      },
      Object {
        "id": "192",
        "name": "almonds",
      },
      Object {
        "id": "76",
        "name": "hot dog buns",
      },
      Object {
        "id": "225",
        "name": "chives",
      },
      Object {
        "id": "194",
        "name": "toaster strudel (dish)",
      },
      Object {
        "id": "84",
        "name": "oranges",
      },
      Object {
        "id": "234",
        "name": "large tortillas",
      },
      Object {
        "id": "183",
        "name": "burgers",
      },
      Object {
        "id": "195",
        "name": "toaster strudel",
      },
      Object {
        "id": "196",
        "name": "chicken and dumplings",
      },
      Object {
        "id": "218",
        "name": "ground turkey",
      },
      Object {
        "id": "197",
        "name": "oregano",
      },
      Object {
        "id": "198",
        "name": "celery seed",
      },
      Object {
        "id": "199",
        "name": "thyme",
      },
      Object {
        "id": "247",
        "name": "vegetable oil",
      },
      Object {
        "id": "288",
        "name": "olive oil",
      },
      Object {
        "id": "202",
        "name": "bay leaves",
      },
      Object {
        "id": "203",
        "name": "onion powder",
      },
      Object {
        "id": "265",
        "name": "monterey jack cheese",
      },
      Object {
        "id": "204",
        "name": "garlic powder",
      },
      Object {
        "id": "241",
        "name": "breakfast cookies",
      },
      Object {
        "id": "205",
        "name": "peas",
      },
      Object {
        "id": "176",
        "name": "frozen vegetable dish",
      },
      Object {
        "id": "207",
        "name": "baking powder",
      },
      Object {
        "id": "164",
        "name": "butter",
      },
      Object {
        "id": "208",
        "name": "parsley",
      },
      Object {
        "id": "174",
        "name": "parmesan cheese",
      },
      Object {
        "id": "184",
        "name": "ground beef",
      },
      Object {
        "id": "211",
        "name": "cream cheese lemon whipped cream",
      },
      Object {
        "id": "78",
        "name": "mustard",
      },
      Object {
        "id": "227",
        "name": "cream of wheat",
      },
      Object {
        "id": "216",
        "name": "crepes",
      },
      Object {
        "id": "217",
        "name": "shepherd's pie",
      },
      Object {
        "id": "224",
        "name": "green onions",
      },
      Object {
        "id": "123",
        "name": "almond butter",
      },
      Object {
        "id": "256",
        "name": "jalapenos",
      },
      Object {
        "id": "307",
        "name": "beefaroni",
      },
      Object {
        "id": "221",
        "name": "beef broth",
      },
      Object {
        "id": "232",
        "name": "breakfast sausage",
      },
      Object {
        "id": "223",
        "name": "cornstarch",
      },
      Object {
        "id": "257",
        "name": "pinto beans",
      },
      Object {
        "id": "139",
        "name": "mushrooms",
      },
      Object {
        "id": "226",
        "name": "cream of wheat (dish)",
      },
      Object {
        "id": "228",
        "name": "cinnamon",
      },
      Object {
        "id": "229",
        "name": "omelettes",
      },
      Object {
        "id": "185",
        "name": "hamburger buns",
      },
      Object {
        "id": "180",
        "name": "pickles",
      },
      Object {
        "id": "231",
        "name": "breakfast sausage (dish)",
      },
      Object {
        "id": "172",
        "name": "apples",
      },
      Object {
        "id": "233",
        "name": "asian chicken crunch wraps",
      },
      Object {
        "id": "237",
        "name": "cole slaw mix",
      },
      Object {
        "id": "240",
        "name": "pickles (dish)",
      },
      Object {
        "id": "244",
        "name": "powdered milk",
      },
      Object {
        "id": "245",
        "name": "baking soda",
      },
      Object {
        "id": "246",
        "name": "multigrain bread",
      },
      Object {
        "id": "253",
        "name": "texas roadhouse rolls",
      },
      Object {
        "id": "259",
        "name": "cannellini beans",
      },
      Object {
        "id": "260",
        "name": "white chili beans",
      },
      Object {
        "id": "262",
        "name": "cumin",
      },
      Object {
        "id": "263",
        "name": "mexican oregano",
      },
      Object {
        "id": "264",
        "name": "cayenne pepper",
      },
      Object {
        "id": "254",
        "name": "white chicken chili",
      },
      Object {
        "id": "266",
        "name": "tortilla strips",
      },
      Object {
        "id": "267",
        "name": "honey whole wheat bread",
      },
      Object {
        "id": "268",
        "name": "chocolate syrup cake",
      },
      Object {
        "id": "272",
        "name": "caramel topping",
      },
      Object {
        "id": "274",
        "name": "cool whip",
      },
      Object {
        "id": "275",
        "name": "toffee candy bars",
      },
      Object {
        "id": "277",
        "name": "tomatillos",
      },
      Object {
        "id": "278",
        "name": "anaheim peppers",
      },
      Object {
        "id": "279",
        "name": "garlic",
      },
      Object {
        "id": "280",
        "name": "coriander",
      },
      Object {
        "id": "282",
        "name": "boneless pork shoulder",
      },
      Object {
        "id": "151",
        "name": "cheddar cheese",
      },
      Object {
        "id": "287",
        "name": "strawberry jam",
      },
      Object {
        "id": "74",
        "name": "bread",
      },
      Object {
        "id": "179",
        "name": "pimientos",
      },
      Object {
        "id": "250",
        "name": "10-grain cereal",
      },
      Object {
        "id": "273",
        "name": "sweetened condensed milk",
      },
      Object {
        "id": "213",
        "name": "powdered sugar",
      },
      Object {
        "id": "289",
        "name": "blueberry jam",
      },
      Object {
        "id": "215",
        "name": "vanilla",
      },
      Object {
        "id": "209",
        "name": "sugar",
      },
      Object {
        "id": "222",
        "name": "worcestershire sauce",
      },
      Object {
        "id": "276",
        "name": "chili verde",
      },
      Object {
        "id": "251",
        "name": "gluten",
      },
      Object {
        "id": "178",
        "name": "marinara sauce",
      },
      Object {
        "id": "286",
        "name": "lima beans",
      },
      Object {
        "id": "193",
        "name": "chia seeds",
      },
      Object {
        "id": "138",
        "name": "tater crowns",
      },
      Object {
        "id": "201",
        "name": "carrots",
      },
      Object {
        "id": "181",
        "name": "cream of chicken",
      },
      Object {
        "id": "109",
        "name": "honey",
      },
      Object {
        "id": "173",
        "name": "mashed potato mix",
      },
      Object {
        "id": "285",
        "name": "black beans",
      },
      Object {
        "id": "252",
        "name": "bread machine yeast",
      },
      Object {
        "id": "270",
        "name": "fudge topping",
      },
      Object {
        "id": "214",
        "name": "lemon juice",
      },
      Object {
        "id": "243",
        "name": "ground flaxseed",
      },
      Object {
        "id": "230",
        "name": "diced ham",
      },
      Object {
        "id": "150",
        "name": "eggs",
      },
      Object {
        "id": "83",
        "name": "bananas",
      },
      Object {
        "id": "189",
        "name": "oatmeal",
      },
      Object {
        "id": "187",
        "name": "mayonnaise",
      },
      Object {
        "id": "283",
        "name": "black eyed peas",
      },
      Object {
        "id": "107",
        "name": "jerk marinade",
      },
      Object {
        "id": "281",
        "name": "lime juice",
      },
      Object {
        "id": "170",
        "name": "green bell peppers",
      },
      Object {
        "id": "219",
        "name": "frozen mushrooms",
      },
      Object {
        "id": "80",
        "name": "chicken",
      },
      Object {
        "id": "175",
        "name": "frozen peas",
      },
      Object {
        "id": "206",
        "name": "flour",
      },
      Object {
        "id": "239",
        "name": "romaine lettuce",
      },
      Object {
        "id": "249",
        "name": "rye flour",
      },
      Object {
        "id": "166",
        "name": "taco shells",
      },
      Object {
        "id": "242",
        "name": "whole wheat flour",
      },
      Object {
        "id": "261",
        "name": "salsa verde",
      },
      Object {
        "id": "136",
        "name": "ketchup",
      },
      Object {
        "id": "135",
        "name": "steak",
      },
      Object {
        "id": "169",
        "name": "pepper",
      },
      Object {
        "id": "177",
        "name": "heavy cream",
      },
      Object {
        "id": "126",
        "name": "salt",
      },
      Object {
        "id": "200",
        "name": "celery",
      },
      Object {
        "id": "104",
        "name": "chicken base",
      },
      Object {
        "id": "373",
        "name": "cheddar taco shells",
      },
      Object {
        "id": "290",
        "name": "apricot jam",
      },
      Object {
        "id": "291",
        "name": "capers",
      },
      Object {
        "id": "383",
        "name": "pretzels",
      },
      Object {
        "id": "308",
        "name": "chicken tortilla soup",
      },
      Object {
        "id": "269",
        "name": "chocolate cake mix",
      },
      Object {
        "id": "359",
        "name": "molasses",
      },
      Object {
        "id": "292",
        "name": "canned diced potatoes",
      },
      Object {
        "id": "325",
        "name": "pork and beans",
      },
      Object {
        "id": "293",
        "name": "canned peas",
      },
      Object {
        "id": "345",
        "name": "dry milk",
      },
      Object {
        "id": "310",
        "name": "spaghettios",
      },
      Object {
        "id": "296",
        "name": "canned salmon",
      },
      Object {
        "id": "300",
        "name": "tomato sauce",
      },
      Object {
        "id": "311",
        "name": "canned baked beans",
      },
      Object {
        "id": "339",
        "name": "crispy red peppers",
      },
      Object {
        "id": "357",
        "name": "tostadas",
      },
      Object {
        "id": "376",
        "name": "applesauce",
      },
      Object {
        "id": "387",
        "name": "popcorn",
      },
      Object {
        "id": "305",
        "name": "ranch beans",
      },
      Object {
        "id": "312",
        "name": "mushroom swiss burger soup",
      },
      Object {
        "id": "313",
        "name": "diced tomatoes and green chiles",
      },
      Object {
        "id": "297",
        "name": "canned chicken",
      },
      Object {
        "id": "328",
        "name": "vienna sausages",
      },
      Object {
        "id": "367",
        "name": "vinegar",
      },
      Object {
        "id": "299",
        "name": "nacho cheese condensed soup",
      },
      Object {
        "id": "374",
        "name": "long grain and wild rice mix",
      },
      Object {
        "id": "315",
        "name": "canned ravioli",
      },
      Object {
        "id": "389",
        "name": "wonton strips",
      },
      Object {
        "id": "301",
        "name": "tuna",
      },
      Object {
        "id": "365",
        "name": "avocado oil",
      },
      Object {
        "id": "316",
        "name": "beef vegetable soup",
      },
      Object {
        "id": "358",
        "name": "macaroni and cheese",
      },
      Object {
        "id": "302",
        "name": "canned ham",
      },
      Object {
        "id": "352",
        "name": "spaghetti pasta",
      },
      Object {
        "id": "318",
        "name": "beef bouillon cubes",
      },
      Object {
        "id": "303",
        "name": "canned mushrooms",
      },
      Object {
        "id": "379",
        "name": "sandwich crackers",
      },
      Object {
        "id": "349",
        "name": "cup noodle",
      },
      Object {
        "id": "331",
        "name": "pesto",
      },
      Object {
        "id": "368",
        "name": "cooking spray",
      },
      Object {
        "id": "360",
        "name": "red wine vinegar",
      },
      Object {
        "id": "306",
        "name": "chicken bouillon cubes",
      },
      Object {
        "id": "338",
        "name": "rice vinegar",
      },
      Object {
        "id": "344",
        "name": "instant brown rice",
      },
      Object {
        "id": "314",
        "name": "crushed tomatoes",
      },
      Object {
        "id": "319",
        "name": "refried beans",
      },
      Object {
        "id": "340",
        "name": "crispy onions",
      },
      Object {
        "id": "361",
        "name": "corn syrup",
      },
      Object {
        "id": "334",
        "name": "soy sauce",
      },
      Object {
        "id": "321",
        "name": "chicken and rice soup",
      },
      Object {
        "id": "363",
        "name": "cereal",
      },
      Object {
        "id": "342",
        "name": "rice",
      },
      Object {
        "id": "347",
        "name": "bread crumbs",
      },
      Object {
        "id": "350",
        "name": "chow mein bowl",
      },
      Object {
        "id": "322",
        "name": "canned diced carrots",
      },
      Object {
        "id": "327",
        "name": "canned mandarin oranges",
      },
      Object {
        "id": "392",
        "name": "shredded coconut",
      },
      Object {
        "id": "356",
        "name": "arborio rice",
      },
      Object {
        "id": "309",
        "name": "canned chili",
      },
      Object {
        "id": "324",
        "name": "canned potato soup",
      },
      Object {
        "id": "388",
        "name": "creamed honey",
      },
      Object {
        "id": "348",
        "name": "dried tortellini",
      },
      Object {
        "id": "333",
        "name": "red enchilada sauce",
      },
      Object {
        "id": "320",
        "name": "chili beans",
      },
      Object {
        "id": "346",
        "name": "hot chocolate mix",
      },
      Object {
        "id": "335",
        "name": "instant rice",
      },
      Object {
        "id": "371",
        "name": "egg noodles",
      },
      Object {
        "id": "341",
        "name": "buttermilk powder",
      },
      Object {
        "id": "362",
        "name": "apple cider vinegar",
      },
      Object {
        "id": "295",
        "name": "rotel",
      },
      Object {
        "id": "394",
        "name": "swerve",
      },
      Object {
        "id": "353",
        "name": "lasagna pasta",
      },
      Object {
        "id": "375",
        "name": "trail mix",
      },
      Object {
        "id": "364",
        "name": "panko bread crumbs",
      },
      Object {
        "id": "351",
        "name": "orzo pasta",
      },
      Object {
        "id": "326",
        "name": "pizza sauce",
      },
      Object {
        "id": "343",
        "name": "instant oatmeal",
      },
      Object {
        "id": "381",
        "name": "corn meal",
      },
      Object {
        "id": "354",
        "name": "lemonade mix",
      },
      Object {
        "id": "366",
        "name": "maple syrup",
      },
      Object {
        "id": "355",
        "name": "pancake mix",
      },
      Object {
        "id": "190",
        "name": "pecans",
      },
      Object {
        "id": "258",
        "name": "great northern beans",
      },
      Object {
        "id": "378",
        "name": "fruit snacks",
      },
      Object {
        "id": "220",
        "name": "tomato paste",
      },
      Object {
        "id": "384",
        "name": "crackers",
      },
      Object {
        "id": "317",
        "name": "diced tomatoes",
      },
      Object {
        "id": "390",
        "name": "coconut oil",
      },
      Object {
        "id": "372",
        "name": "lo mein noodles",
      },
      Object {
        "id": "380",
        "name": "clif bars",
      },
      Object {
        "id": "377",
        "name": "fruit cups",
      },
      Object {
        "id": "332",
        "name": "crushed pineapple",
      },
      Object {
        "id": "336",
        "name": "beef base",
      },
      Object {
        "id": "125",
        "name": "brown sugar",
      },
      Object {
        "id": "385",
        "name": "granola",
      },
      Object {
        "id": "330",
        "name": "navy beans",
      },
      Object {
        "id": "386",
        "name": "instant oats",
      },
      Object {
        "id": "304",
        "name": "evaporated milk",
      },
      Object {
        "id": "391",
        "name": "crispy jalapenos",
      },
      Object {
        "id": "337",
        "name": "dijon mustard",
      },
      Object {
        "id": "298",
        "name": "green chiles",
      },
      Object {
        "id": "191",
        "name": "walnuts",
      },
      Object {
        "id": "395",
        "name": "oven ready lasagna pasta",
      },
      Object {
        "id": "398",
        "name": "dried black beans",
      },
      Object {
        "id": "396",
        "name": "chocolate chips",
      },
      Object {
        "id": "370",
        "name": "elbow pasta",
      },
      Object {
        "id": "399",
        "name": "instant yeast",
      },
      Object {
        "id": "397",
        "name": "dried lentils",
      },
      Object {
        "id": "400",
        "name": "au jus mix",
      },
      Object {
        "id": "323",
        "name": "canned pears",
      },
      Object {
        "id": "369",
        "name": "linguine pasta",
      },
      Object {
        "id": "382",
        "name": "croutons",
      },
      Object {
        "id": "294",
        "name": "canned peaches",
      },
      Object {
        "id": "329",
        "name": "spaghetti sauce",
      },
      Object {
        "id": "393",
        "name": "sliced almonds",
      },
      Object {
        "id": "482",
        "name": "bacon",
      },
      Object {
        "id": "271",
        "name": "butterscotch topping",
      },
      Object {
        "id": "236",
        "name": "broccoli slaw mix",
      },
      Object {
        "id": "459",
        "name": "frozen mango",
      },
      Object {
        "id": "402",
        "name": "green onion dip mix",
      },
      Object {
        "id": "481",
        "name": "chuck roast",
      },
      Object {
        "id": "255",
        "name": "onions",
      },
      Object {
        "id": "403",
        "name": "active dry yeast",
      },
      Object {
        "id": "461",
        "name": "frozen asparagus",
      },
      Object {
        "id": "485",
        "name": "frozen broccoli",
      },
      Object {
        "id": "405",
        "name": "gelatin",
      },
      Object {
        "id": "212",
        "name": "cream cheese",
      },
      Object {
        "id": "235",
        "name": "frozen chicken tenders",
      },
      Object {
        "id": "498",
        "name": "wheat bran",
      },
      Object {
        "id": "473",
        "name": "chicken quesadilla filling",
      },
      Object {
        "id": "408",
        "name": "maraschino cherries",
      },
      Object {
        "id": "506",
        "name": "pork chops",
      },
      Object {
        "id": "452",
        "name": "italian dressing",
      },
      Object {
        "id": "410",
        "name": "salsa",
      },
      Object {
        "id": "495",
        "name": "gruyere cheese",
      },
      Object {
        "id": "450",
        "name": "oyster sauce",
      },
      Object {
        "id": "494",
        "name": "white cheddar cheese",
      },
      Object {
        "id": "411",
        "name": "banana peppers",
      },
      Object {
        "id": "448",
        "name": "teriyaki sauce",
      },
      Object {
        "id": "412",
        "name": "relish",
      },
      Object {
        "id": "462",
        "name": "frozen okra",
      },
      Object {
        "id": "499",
        "name": "wheat germ",
      },
      Object {
        "id": "404",
        "name": "pectin",
      },
      Object {
        "id": "451",
        "name": "A1 steak sauce",
      },
      Object {
        "id": "434",
        "name": "green cholula",
      },
      Object {
        "id": "414",
        "name": "jarred jalapenos",
      },
      Object {
        "id": "435",
        "name": "spicy brown mustard",
      },
      Object {
        "id": "415",
        "name": "guacamole salsa",
      },
      Object {
        "id": "422",
        "name": "shredded italian cheese",
      },
      Object {
        "id": "428",
        "name": "whole wheat tortillas",
      },
      Object {
        "id": "449",
        "name": "hoisin sauce",
      },
      Object {
        "id": "416",
        "name": "bacon grease",
      },
      Object {
        "id": "436",
        "name": "taco sauce",
      },
      Object {
        "id": "424",
        "name": "spinach",
      },
      Object {
        "id": "437",
        "name": "sriracha",
      },
      Object {
        "id": "407",
        "name": "sour cream",
      },
      Object {
        "id": "418",
        "name": "fresh parsley",
      },
      Object {
        "id": "453",
        "name": "sesame oil",
      },
      Object {
        "id": "441",
        "name": "frank's hot sauce",
      },
      Object {
        "id": "500",
        "name": "turkey breast",
      },
      Object {
        "id": "439",
        "name": "hot sauce",
      },
      Object {
        "id": "420",
        "name": "whipped cream topping",
      },
      Object {
        "id": "440",
        "name": "yellow mustard",
      },
      Object {
        "id": "429",
        "name": "smoked sausage",
      },
      Object {
        "id": "501",
        "name": "chorizo",
      },
      Object {
        "id": "442",
        "name": "buffalo sauce",
      },
      Object {
        "id": "477",
        "name": "pepper jack cheese",
      },
      Object {
        "id": "446",
        "name": "barbecue sauce",
      },
      Object {
        "id": "464",
        "name": "frozen corn",
      },
      Object {
        "id": "438",
        "name": "boar's head hot sauce",
      },
      Object {
        "id": "478",
        "name": "colby jack cheese",
      },
      Object {
        "id": "430",
        "name": "lemons",
      },
      Object {
        "id": "503",
        "name": "pot roast drippings",
      },
      Object {
        "id": "454",
        "name": "pineapple starfruit juice concentrate",
      },
      Object {
        "id": "421",
        "name": "mozzarella cheese",
      },
      Object {
        "id": "465",
        "name": "corn",
      },
      Object {
        "id": "444",
        "name": "jalapeno bacon ranch dressing",
      },
      Object {
        "id": "455",
        "name": "juice concentrate",
      },
      Object {
        "id": "238",
        "name": "asian salad dressing",
      },
      Object {
        "id": "466",
        "name": "frozen spinach",
      },
      Object {
        "id": "460",
        "name": "frozen zucchini and yellow squash",
      },
      Object {
        "id": "445",
        "name": "ground parmesan cheese",
      },
      Object {
        "id": "486",
        "name": "frozen tortellini",
      },
      Object {
        "id": "474",
        "name": "french bread",
      },
      Object {
        "id": "467",
        "name": "frozen strawberries",
      },
      Object {
        "id": "496",
        "name": "pepperoni",
      },
      Object {
        "id": "456",
        "name": "orange juice concentrate",
      },
      Object {
        "id": "468",
        "name": "frozen cherries",
      },
      Object {
        "id": "413",
        "name": "pepperoncinis",
      },
      Object {
        "id": "458",
        "name": "tilapia",
      },
      Object {
        "id": "463",
        "name": "frozen peppers",
      },
      Object {
        "id": "469",
        "name": "shredded barbecue chicken",
      },
      Object {
        "id": "417",
        "name": "creamer",
      },
      Object {
        "id": "472",
        "name": "buttered rum batter",
      },
      Object {
        "id": "471",
        "name": "rolls",
      },
      Object {
        "id": "476",
        "name": "teriyaki steak",
      },
      Object {
        "id": "447",
        "name": "gochujang",
      },
      Object {
        "id": "470",
        "name": "frozen roll dough",
      },
      Object {
        "id": "502",
        "name": "hot italian sausage",
      },
      Object {
        "id": "487",
        "name": "ice cream sandwiches",
      },
      Object {
        "id": "479",
        "name": "potstickers",
      },
      Object {
        "id": "491",
        "name": "cookies",
      },
      Object {
        "id": "480",
        "name": "meatless meatballs",
      },
      Object {
        "id": "248",
        "name": "bread flour",
      },
      Object {
        "id": "484",
        "name": "ice cream",
      },
      Object {
        "id": "490",
        "name": "sausage patties",
      },
      Object {
        "id": "488",
        "name": "ham hocks",
      },
      Object {
        "id": "186",
        "name": "american cheese",
      },
      Object {
        "id": "406",
        "name": "vegetable base",
      },
      Object {
        "id": "493",
        "name": "wonton wrappers",
      },
      Object {
        "id": "507",
        "name": "green enchilada sauce",
      },
      Object {
        "id": "483",
        "name": "chicken wings",
      },
      Object {
        "id": "64",
        "name": "milk",
      },
      Object {
        "id": "401",
        "name": "ranch dressing mix",
      },
      Object {
        "id": "423",
        "name": "velveeta",
      },
      Object {
        "id": "505",
        "name": "gyro meat",
      },
      Object {
        "id": "508",
        "name": "frozen bananas",
      },
      Object {
        "id": "433",
        "name": "herb mustard",
      },
      Object {
        "id": "409",
        "name": "buttermilk",
      },
      Object {
        "id": "427",
        "name": "hoagie buns",
      },
      Object {
        "id": "443",
        "name": "ranch dressing",
      },
      Object {
        "id": "425",
        "name": "salad",
      },
      Object {
        "id": "504",
        "name": "cooked chicken",
      },
      Object {
        "id": "509",
        "name": "italian beans and rice",
      },
      Object {
        "id": "511",
        "name": "garbanzo beans",
      },
      Object {
        "id": "512",
        "name": "vegetable broth",
      },
      Object {
        "id": "513",
        "name": "italian seasoning",
      },
      Object {
        "id": "514",
        "name": "crushed red pepper",
      },
      Object {
        "id": "515",
        "name": "eggs on toast",
      },
      Object {
        "id": "517",
        "name": "basil",
      },
      Object {
        "id": "516",
        "name": "chicken spinach orzo",
      },
      Object {
        "id": "518",
        "name": "blueberry bran muffins",
      },
      Object {
        "id": "626",
        "name": "buffalo chicken wraps",
      },
      Object {
        "id": "522",
        "name": "ginger",
      },
      Object {
        "id": "523",
        "name": "chicken enchilada soup",
      },
      Object {
        "id": "524",
        "name": "chili powder",
      },
      Object {
        "id": "525",
        "name": "granola (dish)",
      },
      Object {
        "id": "527",
        "name": "chicken tenders",
      },
      Object {
        "id": "528",
        "name": "loaded chicken and potatoes",
      },
      Object {
        "id": "529",
        "name": "paprika",
      },
      Object {
        "id": "531",
        "name": "jam",
      },
      Object {
        "id": "533",
        "name": "meatballs",
      },
      Object {
        "id": "534",
        "name": "meatless meatballs",
      },
      Object {
        "id": "535",
        "name": "meatball subs",
      },
      Object {
        "id": "536",
        "name": "sub rolls",
      },
      Object {
        "id": "539",
        "name": "salad dressing",
      },
      Object {
        "id": "540",
        "name": "hard boiled eggs",
      },
      Object {
        "id": "614",
        "name": "roasted broccoli",
      },
      Object {
        "id": "639",
        "name": "caramelized onions and peppers",
      },
      Object {
        "id": "546",
        "name": "potatoes",
      },
      Object {
        "id": "599",
        "name": "monkey bread",
      },
      Object {
        "id": "640",
        "name": "chipotle mayo",
      },
      Object {
        "id": "564",
        "name": "pancakes",
      },
      Object {
        "id": "547",
        "name": "red wine",
      },
      Object {
        "id": "548",
        "name": "curry powder",
      },
      Object {
        "id": "600",
        "name": "biscuit dough",
      },
      Object {
        "id": "615",
        "name": "grilled cheese",
      },
      Object {
        "id": "551",
        "name": "beef stew",
      },
      Object {
        "id": "554",
        "name": "lentils",
      },
      Object {
        "id": "602",
        "name": "chipotles",
      },
      Object {
        "id": "555",
        "name": "taco seasoning",
      },
      Object {
        "id": "553",
        "name": "taco macaroni",
      },
      Object {
        "id": "556",
        "name": "broccoli beef hotdish",
      },
      Object {
        "id": "652",
        "name": "calzones",
      },
      Object {
        "id": "618",
        "name": "butter chicken",
      },
      Object {
        "id": "560",
        "name": "spaghetti",
      },
      Object {
        "id": "565",
        "name": "malted milk powder",
      },
      Object {
        "id": "566",
        "name": "cookies (dish)",
      },
      Object {
        "id": "567",
        "name": "heath bits",
      },
      Object {
        "id": "568",
        "name": "butterscotch chips",
      },
      Object {
        "id": "570",
        "name": "brioche bread",
      },
      Object {
        "id": "571",
        "name": "chocolate banana baked oatmeal",
      },
      Object {
        "id": "572",
        "name": "cocoa",
      },
      Object {
        "id": "545",
        "name": "beef curry",
      },
      Object {
        "id": "519",
        "name": "blueberries",
      },
      Object {
        "id": "576",
        "name": "asian barbecue salmon",
      },
      Object {
        "id": "578",
        "name": "breakfast bowl (dish)",
      },
      Object {
        "id": "579",
        "name": "breakfast bowl",
      },
      Object {
        "id": "581",
        "name": "hot cereal",
      },
      Object {
        "id": "631",
        "name": "pie crusts",
      },
      Object {
        "id": "632",
        "name": "fruit compote",
      },
      Object {
        "id": "633",
        "name": "strawberries",
      },
      Object {
        "id": "521",
        "name": "korean beef",
      },
      Object {
        "id": "583",
        "name": "ricotta cheese",
      },
      Object {
        "id": "584",
        "name": "cinnamon rolls (dish)",
      },
      Object {
        "id": "585",
        "name": "frozen cinnamon rolls",
      },
      Object {
        "id": "587",
        "name": "fajita seasoning",
      },
      Object {
        "id": "603",
        "name": "chipotle beef tacos",
      },
      Object {
        "id": "588",
        "name": "tortillas",
      },
      Object {
        "id": "586",
        "name": "fajitas",
      },
      Object {
        "id": "589",
        "name": "oil",
      },
      Object {
        "id": "592",
        "name": "roasted smoked sausage",
      },
      Object {
        "id": "532",
        "name": "barbecue chicken sandwiches",
      },
      Object {
        "id": "594",
        "name": "tuna sandwiches",
      },
      Object {
        "id": "595",
        "name": "soy lemon salmon",
      },
      Object {
        "id": "596",
        "name": "mozzarella roasted vegetables",
      },
      Object {
        "id": "597",
        "name": "chicken club wraps",
      },
      Object {
        "id": "598",
        "name": "deli ham",
      },
      Object {
        "id": "605",
        "name": "hot dogs",
      },
      Object {
        "id": "604",
        "name": "hot dogs (dish)",
      },
      Object {
        "id": "606",
        "name": "corn on the cob (dish)",
      },
      Object {
        "id": "607",
        "name": "corn on the cob",
      },
      Object {
        "id": "608",
        "name": "apple crisp",
      },
      Object {
        "id": "610",
        "name": "mashed potatoes",
      },
      Object {
        "id": "611",
        "name": "buffalo chicken meatballs",
      },
      Object {
        "id": "612",
        "name": "ground chicken",
      },
      Object {
        "id": "613",
        "name": "rolls (dish)",
      },
      Object {
        "id": "616",
        "name": "breakfast cake",
      },
      Object {
        "id": "426",
        "name": "red potatoes",
      },
      Object {
        "id": "619",
        "name": "garam masala",
      },
      Object {
        "id": "575",
        "name": "beef stir fry",
      },
      Object {
        "id": "621",
        "name": "ground mustard",
      },
      Object {
        "id": "622",
        "name": "potato chips",
      },
      Object {
        "id": "623",
        "name": "philly cheesesteak",
      },
      Object {
        "id": "624",
        "name": "montreal seasoning",
      },
      Object {
        "id": "627",
        "name": "breakfast sandwiches",
      },
      Object {
        "id": "629",
        "name": "english muffins",
      },
      Object {
        "id": "635",
        "name": "peaches",
      },
      Object {
        "id": "636",
        "name": "cherries",
      },
      Object {
        "id": "630",
        "name": "pop tarts",
      },
      Object {
        "id": "542",
        "name": "pepper steak",
      },
      Object {
        "id": "582",
        "name": "lasagna",
      },
      Object {
        "id": "643",
        "name": "cajun seasoning",
      },
      Object {
        "id": "642",
        "name": "cajun chicken pasta",
      },
      Object {
        "id": "644",
        "name": "baked potatoes",
      },
      Object {
        "id": "647",
        "name": "wing sauce - medium",
      },
      Object {
        "id": "646",
        "name": "chicken wings (dish)",
      },
      Object {
        "id": "648",
        "name": "wing sauce - spicy wyvern",
      },
      Object {
        "id": "649",
        "name": "french toast",
      },
      Object {
        "id": "650",
        "name": "smoothies",
      },
      Object {
        "id": "651",
        "name": "frozen raspberries",
      },
      Object {
        "id": "538",
        "name": "salad (dish)",
      },
      Object {
        "id": "653",
        "name": "salami",
      },
      Object {
        "id": "654",
        "name": "sloppy joes",
      },
      Object {
        "id": "655",
        "name": "chili lime chicken",
      },
      Object {
        "id": "656",
        "name": "lime rice",
      },
      Object {
        "id": "573",
        "name": "orange julius",
      },
      Object {
        "id": "526",
        "name": "honey mustard (dish)",
      },
      Object {
        "id": "520",
        "name": "frozen blueberries",
      },
      Object {
        "id": "634",
        "name": "frozen peaches",
      },
      Object {
        "id": "574",
        "name": "cornbread",
      },
      Object {
        "id": "530",
        "name": "toast",
      },
      Object {
        "id": "549",
        "name": "curry mix",
      },
      Object {
        "id": "601",
        "name": "chipotle beef",
      },
      Object {
        "id": "628",
        "name": "croissants",
      },
      Object {
        "id": "591",
        "name": "frozen pizza",
      },
      Object {
        "id": "550",
        "name": "chili",
      },
      Object {
        "id": "559",
        "name": "swedish meatballs",
      },
      Object {
        "id": "558",
        "name": "frozen hash browns",
      },
      Object {
        "id": "593",
        "name": "quesadillas",
      },
      Object {
        "id": "552",
        "name": "yukon gold potatoes",
      },
      Object {
        "id": "537",
        "name": "provolone cheese",
      },
      Object {
        "id": "625",
        "name": "hash browns",
      },
      Object {
        "id": "620",
        "name": "tuna casserole",
      },
      Object {
        "id": "638",
        "name": "brat buns",
      },
      Object {
        "id": "562",
        "name": "yellow squash",
      },
      Object {
        "id": "637",
        "name": "bratwurst",
      },
      Object {
        "id": "641",
        "name": "sriracha mayo",
      },
      Object {
        "id": "609",
        "name": "chicken nuggets",
      },
      Object {
        "id": "657",
        "name": "slow cooker chicken parmesan",
      },
      Object {
        "id": "658",
        "name": "penne pasta",
      },
      Object {
        "id": "758",
        "name": "banana bread",
      },
      Object {
        "id": "682",
        "name": "vegetable sticks",
      },
      Object {
        "id": "662",
        "name": "biscuits and gravy",
      },
      Object {
        "id": "663",
        "name": "hot and sour soup",
      },
      Object {
        "id": "665",
        "name": "tofu",
      },
      Object {
        "id": "714",
        "name": "fruit (dish)",
      },
      Object {
        "id": "668",
        "name": "oreos",
      },
      Object {
        "id": "667",
        "name": "cookies and cream cookies",
      },
      Object {
        "id": "669",
        "name": "nacho potato chowder",
      },
      Object {
        "id": "670",
        "name": "cream of mushroom",
      },
      Object {
        "id": "671",
        "name": "cereal (dish)",
      },
      Object {
        "id": "673",
        "name": "chicken tacos",
      },
      Object {
        "id": "676",
        "name": "bacon (dish)",
      },
      Object {
        "id": "677",
        "name": "oranges (dish)",
      },
      Object {
        "id": "727",
        "name": "breakfast puffs",
      },
      Object {
        "id": "679",
        "name": "yellow bell peppers",
      },
      Object {
        "id": "680",
        "name": "french dip sandwiches",
      },
      Object {
        "id": "681",
        "name": "deli roast beef",
      },
      Object {
        "id": "683",
        "name": "sauteed squash",
      },
      Object {
        "id": "684",
        "name": "peach shortbread crisp",
      },
      Object {
        "id": "685",
        "name": "ground lamb",
      },
      Object {
        "id": "686",
        "name": "tzatziki sauce",
      },
      Object {
        "id": "689",
        "name": "fresh dill",
      },
      Object {
        "id": "690",
        "name": "gyros",
      },
      Object {
        "id": "691",
        "name": "flatbread",
      },
      Object {
        "id": "692",
        "name": "salt and vinegar roasted potatoes",
      },
      Object {
        "id": "751",
        "name": "chicken curry",
      },
      Object {
        "id": "765",
        "name": "queso",
      },
      Object {
        "id": "774",
        "name": "nacho beef",
      },
      Object {
        "id": "695",
        "name": "tacos",
      },
      Object {
        "id": "696",
        "name": "cheese sauce",
      },
      Object {
        "id": "697",
        "name": "roasted cauliflower",
      },
      Object {
        "id": "699",
        "name": "meatloaves",
      },
      Object {
        "id": "700",
        "name": "chorizo tater quesadillas",
      },
      Object {
        "id": "701",
        "name": "egg muffins",
      },
      Object {
        "id": "745",
        "name": "whole wheat applesauce muffins",
      },
      Object {
        "id": "703",
        "name": "crescent dough",
      },
      Object {
        "id": "752",
        "name": "chicken bacon swiss sandwiches",
      },
      Object {
        "id": "724",
        "name": "sausage cheddar biscuits",
      },
      Object {
        "id": "707",
        "name": "roasted asparagus",
      },
      Object {
        "id": "708",
        "name": "asparagus",
      },
      Object {
        "id": "709",
        "name": "whole wheat waffles",
      },
      Object {
        "id": "710",
        "name": "crunchwraps",
      },
      Object {
        "id": "711",
        "name": "nacho cheese sauce",
      },
      Object {
        "id": "712",
        "name": "peanut butter jam sandwich",
      },
      Object {
        "id": "713",
        "name": "peanut butter banana sandwich",
      },
      Object {
        "id": "716",
        "name": "cheesecake",
      },
      Object {
        "id": "717",
        "name": "graham crackers",
      },
      Object {
        "id": "718",
        "name": "zucchini crisps",
      },
      Object {
        "id": "720",
        "name": "tortellini",
      },
      Object {
        "id": "721",
        "name": "fruit pastries",
      },
      Object {
        "id": "723",
        "name": "pizza wraps",
      },
      Object {
        "id": "702",
        "name": "braided sausage bread",
      },
      Object {
        "id": "725",
        "name": "pasta side (dish)",
      },
      Object {
        "id": "726",
        "name": "pasta side",
      },
      Object {
        "id": "687",
        "name": "cucumbers",
      },
      Object {
        "id": "728",
        "name": "nutmeg",
      },
      Object {
        "id": "729",
        "name": "deviled eggs",
      },
      Object {
        "id": "730",
        "name": "red jalapenos",
      },
      Object {
        "id": "731",
        "name": "roasted mushrooms",
      },
      Object {
        "id": "732",
        "name": "chips and salsa",
      },
      Object {
        "id": "733",
        "name": "tater crowns (dish)",
      },
      Object {
        "id": "754",
        "name": "soda bread",
      },
      Object {
        "id": "734",
        "name": "broccoli wild rice soup",
      },
      Object {
        "id": "735",
        "name": "hunan chicken",
      },
      Object {
        "id": "736",
        "name": "buffalo chicken chili",
      },
      Object {
        "id": "738",
        "name": "garlic bread",
      },
      Object {
        "id": "739",
        "name": "potstickers (dish)",
      },
      Object {
        "id": "742",
        "name": "mississippi pot roast",
      },
      Object {
        "id": "741",
        "name": "baked oatmeal",
      },
      Object {
        "id": "743",
        "name": "kiwis",
      },
      Object {
        "id": "744",
        "name": "applesauce (dish)",
      },
      Object {
        "id": "664",
        "name": "ground pork",
      },
      Object {
        "id": "746",
        "name": "allspice",
      },
      Object {
        "id": "749",
        "name": "elephant ears",
      },
      Object {
        "id": "766",
        "name": "no-bean chili",
      },
      Object {
        "id": "755",
        "name": "zucchini bread",
      },
      Object {
        "id": "756",
        "name": "ground cloves",
      },
      Object {
        "id": "757",
        "name": "jalapeno cheddar cornbread",
      },
      Object {
        "id": "750",
        "name": "gumbo",
      },
      Object {
        "id": "659",
        "name": "biscuits",
      },
      Object {
        "id": "747",
        "name": "snap peas (dish)",
      },
      Object {
        "id": "761",
        "name": "strawberry whipped cream",
      },
      Object {
        "id": "762",
        "name": "quiche",
      },
      Object {
        "id": "764",
        "name": "mozzarella breadsticks",
      },
      Object {
        "id": "768",
        "name": "jalapeno popper cheese dip",
      },
      Object {
        "id": "769",
        "name": "mexican corn",
      },
      Object {
        "id": "770",
        "name": "vegetable dip",
      },
      Object {
        "id": "772",
        "name": "dill",
      },
      Object {
        "id": "715",
        "name": "macaroni and cheese (dish)",
      },
      Object {
        "id": "666",
        "name": "ground turkey noodle bake",
      },
      Object {
        "id": "748",
        "name": "snap peas",
      },
      Object {
        "id": "776",
        "name": "garlic cloves",
      },
      Object {
        "id": "777",
        "name": "garlic aioli",
      },
      Object {
        "id": "778",
        "name": "italian beef sandwiches",
      },
      Object {
        "id": "779",
        "name": "rice pudding",
      },
      Object {
        "id": "780",
        "name": "ricotta cookies",
      },
      Object {
        "id": "781",
        "name": "sopapilla cheesecake pie",
      },
      Object {
        "id": "782",
        "name": "banana pudding",
      },
      Object {
        "id": "783",
        "name": "cookies and cream milkshake",
      },
      Object {
        "id": "784",
        "name": "strawberry lemonade",
      },
      Object {
        "id": "785",
        "name": "lemonade",
      },
      Object {
        "id": "786",
        "name": "sprite",
      },
      Object {
        "id": "787",
        "name": "fruit dip",
      },
      Object {
        "id": "788",
        "name": "yogurt",
      },
      Object {
        "id": "789",
        "name": "flavored syrup",
      },
      Object {
        "id": "791",
        "name": "cooked rice",
      },
      Object {
        "id": "790",
        "name": "cheddar biscuits",
      },
      Object {
        "id": "719",
        "name": "cheesy beef tortellini",
      },
      Object {
        "id": "775",
        "name": "pepperoncini beef",
      },
      Object {
        "id": "760",
        "name": "peach streusel muffins",
      },
      Object {
        "id": "793",
        "name": "white beans",
      },
      Object {
        "id": "792",
        "name": "party beans",
      },
      Object {
        "id": "794",
        "name": "chocolate chip shortbread cookies",
      },
      Object {
        "id": "795",
        "name": "mini chocolate chips",
      },
      Object {
        "id": "796",
        "name": "taco soup",
      },
      Object {
        "id": "797",
        "name": "chipotle beef drippings",
      },
      Object {
        "id": "740",
        "name": "spicy fried chicken",
      },
      Object {
        "id": "660",
        "name": "cream biscuits",
      },
      Object {
        "id": "737",
        "name": "blue cheese",
      },
      Object {
        "id": "694",
        "name": "taco meat",
      },
      Object {
        "id": "688",
        "name": "plain greek yogurt",
      },
      Object {
        "id": "672",
        "name": "taco chicken",
      },
      Object {
        "id": "674",
        "name": "nachos",
      },
      Object {
        "id": "563",
        "name": "spaghetti sauce (dish)",
      },
      Object {
        "id": "706",
        "name": "cabbage",
      },
      Object {
        "id": "698",
        "name": "cauliflower",
      },
      Object {
        "id": "704",
        "name": "mushroom chicken",
      },
      Object {
        "id": "693",
        "name": "crackers and cheese",
      },
      Object {
        "id": "771",
        "name": "chopped onion",
      },
      Object {
        "id": "759",
        "name": "chicken chili",
      },
      Object {
        "id": "661",
        "name": "sausage gravy",
      },
      Object {
        "id": "675",
        "name": "tortilla chips",
      },
      Object {
        "id": "799",
        "name": "queso fresco",
      },
      Object {
        "id": "800",
        "name": "broccoli cheese soup",
      },
      Object {
        "id": "801",
        "name": "peanut butter cookies",
      },
      Object {
        "id": "802",
        "name": "whipped cream",
      },
      Object {
        "id": "803",
        "name": "sauteed apples",
      },
      Object {
        "id": "804",
        "name": "brownies",
      },
      Object {
        "id": "805",
        "name": "striped delight",
      },
      Object {
        "id": "806",
        "name": "instant chocolate pudding mix",
      },
      Object {
        "id": "807",
        "name": "dump cake",
      },
      Object {
        "id": "808",
        "name": "yellow cake mix",
      },
      Object {
        "id": "809",
        "name": "oatmeal bites",
      },
      Object {
        "id": "882",
        "name": "deli turkey",
      },
      Object {
        "id": "812",
        "name": "parmesan basil orzo",
      },
      Object {
        "id": "813",
        "name": "mashed cauliflower",
      },
      Object {
        "id": "814",
        "name": "spinach artichoke dip",
      },
      Object {
        "id": "815",
        "name": "artichoke hearts",
      },
      Object {
        "id": "816",
        "name": "scandinavian light rye bread",
      },
      Object {
        "id": "817",
        "name": "whole wheat bread",
      },
      Object {
        "id": "818",
        "name": "herb cream cheese spread",
      },
      Object {
        "id": "821",
        "name": "pizza sauce",
      },
      Object {
        "id": "823",
        "name": "ground cardamom",
      },
      Object {
        "id": "824",
        "name": "black tea bags",
      },
      Object {
        "id": "825",
        "name": "chick-fil-a sauce",
      },
      Object {
        "id": "826",
        "name": "zucchini pie",
      },
      Object {
        "id": "828",
        "name": "garlic red pepper salmon",
      },
      Object {
        "id": "829",
        "name": "katsudon stuff",
      },
      Object {
        "id": "830",
        "name": "sake",
      },
      Object {
        "id": "832",
        "name": "vegetable cream cheese spread",
      },
      Object {
        "id": "822",
        "name": "chai",
      },
      Object {
        "id": "590",
        "name": "pizza",
      },
      Object {
        "id": "849",
        "name": "vegetable puree",
      },
      Object {
        "id": "851",
        "name": "cheese toast",
      },
      Object {
        "id": "852",
        "name": "cheese",
      },
      Object {
        "id": "889",
        "name": "roasted butternut squash",
      },
      Object {
        "id": "569",
        "name": "light whole wheat bread",
      },
      Object {
        "id": "120",
        "name": "almond milk",
      },
      Object {
        "id": "773",
        "name": "seasoned salt",
      },
      Object {
        "id": "866",
        "name": "pineapple juice concentrate",
      },
      Object {
        "id": "865",
        "name": "chilled fruit cups",
      },
      Object {
        "id": "853",
        "name": "poppy seeds",
      },
      Object {
        "id": "854",
        "name": "vanilla extract",
      },
      Object {
        "id": "837",
        "name": "chips",
      },
      Object {
        "id": "763",
        "name": "frozen pie crust",
      },
      Object {
        "id": "833",
        "name": "seeded no-knead bread",
      },
      Object {
        "id": "855",
        "name": "picante sauce",
      },
      Object {
        "id": "839",
        "name": "hunan sauce",
      },
      Object {
        "id": "840",
        "name": "cream cheese wontons",
      },
      Object {
        "id": "705",
        "name": "lo mein noodles (dish)",
      },
      Object {
        "id": "836",
        "name": "minced garlic",
      },
      Object {
        "id": "841",
        "name": "creme brulee french toast",
      },
      Object {
        "id": "842",
        "name": "bagels (dish)",
      },
      Object {
        "id": "870",
        "name": "pears",
      },
      Object {
        "id": "843",
        "name": "pan fried chicken",
      },
      Object {
        "id": "856",
        "name": "frozen hash brown patties",
      },
      Object {
        "id": "844",
        "name": "portobella mushrooms",
      },
      Object {
        "id": "845",
        "name": "graham crackers and milk",
      },
      Object {
        "id": "846",
        "name": "bread milk and honey",
      },
      Object {
        "id": "847",
        "name": "peanut butter sandwich",
      },
      Object {
        "id": "811",
        "name": "roasted carrots",
      },
      Object {
        "id": "878",
        "name": "peanut butter banana smoothie",
      },
      Object {
        "id": "848",
        "name": "cottage cheese",
      },
      Object {
        "id": "577",
        "name": "salmon",
      },
      Object {
        "id": "868",
        "name": "fried rice",
      },
      Object {
        "id": "877",
        "name": "red beans",
      },
      Object {
        "id": "857",
        "name": "cooked bacon",
      },
      Object {
        "id": "810",
        "name": "potato cheddar soup",
      },
      Object {
        "id": "850",
        "name": "cup ramen",
      },
      Object {
        "id": "753",
        "name": "swiss cheese",
      },
      Object {
        "id": "820",
        "name": "feta cheese",
      },
      Object {
        "id": "858",
        "name": "cooked lentils",
      },
      Object {
        "id": "893",
        "name": "red cabbage",
      },
      Object {
        "id": "859",
        "name": "steamed broccoli",
      },
      Object {
        "id": "860",
        "name": "chips and dip",
      },
      Object {
        "id": "861",
        "name": "apple pastry",
      },
      Object {
        "id": "722",
        "name": "puff pastry",
      },
      Object {
        "id": "862",
        "name": "garlic butter salmon",
      },
      Object {
        "id": "871",
        "name": "cracker cheese",
      },
      Object {
        "id": "819",
        "name": "turkey meatballs",
      },
      Object {
        "id": "827",
        "name": "breakfast bowls from scratch",
      },
      Object {
        "id": "835",
        "name": "parmesan skillet sauce",
      },
      Object {
        "id": "541",
        "name": "french bread (dish)",
      },
      Object {
        "id": "894",
        "name": "kale",
      },
      Object {
        "id": "873",
        "name": "cream cheese spread",
      },
      Object {
        "id": "863",
        "name": "chicken thighs",
      },
      Object {
        "id": "879",
        "name": "tomato alfredo sauce",
      },
      Object {
        "id": "864",
        "name": "italian dressing mix",
      },
      Object {
        "id": "874",
        "name": "instant cheesecake pudding mix",
      },
      Object {
        "id": "883",
        "name": "parmesan tortellini",
      },
      Object {
        "id": "875",
        "name": "mirin",
      },
      Object {
        "id": "831",
        "name": "rice bowl",
      },
      Object {
        "id": "867",
        "name": "apples (dish)",
      },
      Object {
        "id": "880",
        "name": "raspberries",
      },
      Object {
        "id": "876",
        "name": "white cooking wine",
      },
      Object {
        "id": "884",
        "name": "fruit dip 2",
      },
      Object {
        "id": "885",
        "name": "marshmallow creme",
      },
      Object {
        "id": "798",
        "name": "avocados",
      },
      Object {
        "id": "561",
        "name": "zucchini",
      },
      Object {
        "id": "678",
        "name": "sweet and sour meatballs",
      },
      Object {
        "id": "881",
        "name": "frozen ravioli",
      },
      Object {
        "id": "872",
        "name": "sausage",
      },
      Object {
        "id": "645",
        "name": "russet potatoes",
      },
      Object {
        "id": "838",
        "name": "bagels",
      },
      Object {
        "id": "886",
        "name": "turkey wrap",
      },
      Object {
        "id": "890",
        "name": "roasted potatoes",
      },
      Object {
        "id": "891",
        "name": "strawberry peach jam",
      },
      Object {
        "id": "888",
        "name": "butternut squash",
      },
      Object {
        "id": "887",
        "name": "apple crisp lite",
      },
      Object {
        "id": "892",
        "name": "pan fried turkey breast",
      },
      Object {
        "id": "557",
        "name": "broccoli",
      },
      Object {
        "id": "171",
        "name": "red bell peppers",
      },
      Object {
        "id": "895",
        "name": "flank steak",
      },
    ],
  },
  "errors": undefined,
  "extensions": undefined,
  "http": Object {
    "headers": Headers {
      Symbol(map): Object {},
    },
  },
}
`;
